core_cm0plus.h:741:22:__NVIC_EnableIRQ	16	static
core_cm0plus.h:848:22:__NVIC_SetPriority	24	static
keypad.c:5:6:setKeypad	8	static
keypad.c:18:6:ext_interrupt_keypad	8	static
keypad.c:43:6:EXTI4_15_IRQHandler	8	static
keypad.c:75:6:EXTI0_1_IRQHandler	8	static
keypad.c:86:6:EXTI2_3_IRQHandler	8	static
keypad.c:90:6:setSSD	8	static
keypad.c:109:6:ssdOne	8	static
keypad.c:114:6:ssdTwo	8	static
keypad.c:121:6:ssdThree	8	static
keypad.c:128:6:ssdFour	8	static
keypad.c:135:6:ssdFive	8	static
keypad.c:142:6:ssdSix	8	static
keypad.c:150:6:ssdSeven	8	static
keypad.c:155:6:ssdEight	8	static
keypad.c:163:6:ssdNine	8	static
keypad.c:172:6:ssdZero	8	static
keypad.c:183:6:ssdStar	8	static
keypad.c:191:6:toggle_r1	8	static
keypad.c:194:6:toggle_r2	8	static
keypad.c:198:6:toggle_r3	8	static
keypad.c:202:6:toggle_r4	8	static
keypad.c:206:6:low_rows	8	static
keypad.c:212:6:high_rows	8	static
