
Discarded input sections

 .group         0x0000000000000000        0xc ./main.o
 .text          0x0000000000000000        0x0 ./main.o
 .data          0x0000000000000000        0x0 ./main.o
 .bss           0x0000000000000000        0x0 ./main.o

Memory Configuration

Name             Origin             Length             Attributes
ROM              0x0000000008000000 0x0000000000010000 xr
RAM              0x0000000020000000 0x0000000000002000 xrw
*default*        0x0000000000000000 0xffffffffffffffff

Linker script and memory map

LOAD ./main.o
START GROUP
LOAD c:/st/stm32cubeide_1.7.0/stm32cubeide/plugins/com.st.stm32cube.ide.mcu.externaltools.gnu-tools-for-stm32.9-2020-q2-update.win32_2.0.0.202105311346/tools/bin/../lib/gcc/arm-none-eabi/9.3.1/../../../../arm-none-eabi/lib/thumb/v6-m/nofp\libc_nano.a
LOAD c:/st/stm32cubeide_1.7.0/stm32cubeide/plugins/com.st.stm32cube.ide.mcu.externaltools.gnu-tools-for-stm32.9-2020-q2-update.win32_2.0.0.202105311346/tools/bin/../lib/gcc/arm-none-eabi/9.3.1/../../../../arm-none-eabi/lib/thumb/v6-m/nofp\libm.a
END GROUP
                0x0000000020002000                _estack = (ORIGIN (RAM) + LENGTH (RAM))

.text           0x0000000008000000       0xe4
 *(.vectors)
 .vectors       0x0000000008000000       0x10 ./main.o
                0x0000000008000000                vector_table
 *(.text*)
 .text._init_data
                0x0000000008000010       0x60 ./main.o
                0x0000000008000010                _init_data
 .text.Reset_Handler
                0x0000000008000070        0xe ./main.o
                0x0000000008000070                Reset_Handler
 .text.Default_Handler
                0x000000000800007e        0x6 ./main.o
                0x000000000800007e                Default_Handler
 .text.main     0x0000000008000084       0x60 ./main.o
                0x0000000008000084                main
 *(.rodata*)
                0x00000000080000e4                __etext = ALIGN (0x4)

.glue_7         0x00000000080000e4        0x0
 .glue_7        0x00000000080000e4        0x0 linker stubs

.glue_7t        0x00000000080000e4        0x0
 .glue_7t       0x00000000080000e4        0x0 linker stubs

.vfp11_veneer   0x00000000080000e4        0x0
 .vfp11_veneer  0x00000000080000e4        0x0 linker stubs

.v4_bx          0x00000000080000e4        0x0
 .v4_bx         0x00000000080000e4        0x0 linker stubs

.iplt           0x00000000080000e4        0x0
 .iplt          0x00000000080000e4        0x0 ./main.o

.rel.dyn        0x00000000080000e4        0x0
 .rel.iplt      0x00000000080000e4        0x0 ./main.o

.data           0x0000000020000000        0xc load address 0x00000000080000e4
                0x0000000020000000                __data_start__ = .
 *(.data*)
 .data.RCC_IOPENR
                0x0000000020000000        0x4 ./main.o
                0x0000000020000000                RCC_IOPENR
 .data.GPIOB_ODR
                0x0000000020000004        0x4 ./main.o
                0x0000000020000004                GPIOB_ODR
 .data.GPIOB_MODER
                0x0000000020000008        0x4 ./main.o
                0x0000000020000008                GPIOB_MODER
                0x000000002000000c                . = ALIGN (0x4)
                0x000000002000000c                __data_end__ = .

.igot.plt       0x000000002000000c        0x0 load address 0x00000000080000f0
 .igot.plt      0x000000002000000c        0x0 ./main.o

.bss            0x000000002000000c        0x0 load address 0x00000000080000f0
                0x000000002000000c                . = ALIGN (0x4)
                0x000000002000000c                __bss_start__ = .
 *(.bss*)
                0x000000002000000c                . = ALIGN (0x4)
                0x000000002000000c                __bss_end__ = .
OUTPUT(standalone.elf elf32-littlearm)
LOAD linker stubs

.debug_info     0x0000000000000000      0x172
 .debug_info    0x0000000000000000      0x172 ./main.o

.debug_abbrev   0x0000000000000000      0x108
 .debug_abbrev  0x0000000000000000      0x108 ./main.o

.debug_aranges  0x0000000000000000       0x38
 .debug_aranges
                0x0000000000000000       0x38 ./main.o

.debug_ranges   0x0000000000000000       0x28
 .debug_ranges  0x0000000000000000       0x28 ./main.o

.debug_macro    0x0000000000000000      0xaa1
 .debug_macro   0x0000000000000000       0x35 ./main.o
 .debug_macro   0x0000000000000035      0xa6c ./main.o

.debug_line     0x0000000000000000       0xc4
 .debug_line    0x0000000000000000       0xc4 ./main.o

.debug_str      0x0000000000000000     0x2df6
 .debug_str     0x0000000000000000     0x2df6 ./main.o
                                       0x2e15 (size before relaxing)

.comment        0x0000000000000000       0x53
 .comment       0x0000000000000000       0x53 ./main.o
                                         0x54 (size before relaxing)

.ARM.attributes
                0x0000000000000000       0x2c
 .ARM.attributes
                0x0000000000000000       0x2c ./main.o

.debug_frame    0x0000000000000000       0x84
 .debug_frame   0x0000000000000000       0x84 ./main.o
